╔═══════════════════════════════════════════════════════╗
║       Prime Self API - Comprehensive Test Suite       ║
╚═══════════════════════════════════════════════════════╝

📍 Testing API: https://prime-self-api.adrper79.workers.dev
⏰ Started: 2026-03-06T00:36:50.746Z

────────────────────────────────────────────────────────────

📦 SECTION 1: Public Endpoints
────────────────────────────────────────────────────────────

🧪 Geocode: Valid city (Tampa, FL)
   GET /api/geocode?q=Tampa, FL
   ✅ PASS (200)

🧪 Geocode: Invalid city (should fail gracefully)
   GET /api/geocode?q=NotARealCityXYZ123
   ✅ PASS (404) - Failed as expected

🧪 Chart: Calculate without auth
   POST /api/chart/calculate
   ✅ PASS (200)

🧪 Chart: Future date (should fail)
   POST /api/chart/calculate
   ❌ FAIL (200): {large response}

🧪 Transits: Get today's positions
   GET /api/transits/today
   ✅ PASS (200)

🧪 Composite: Two valid birth dates
   POST /api/composite
   ✅ PASS (200)


🔐 SECTION 2: Authentication
────────────────────────────────────────────────────────────

🧪 Auth: Register new user
   POST /api/auth/register
   ✅ PASS (201)

🧪 Auth: Duplicate email (should fail)
   POST /api/auth/register
   ✅ PASS (409) - Failed as expected

🧪 Auth: Login with valid credentials
   POST /api/auth/login
   ✅ PASS (200)
   🔑 Token acquired: eyJhbGciOiJIUzI1NiIs...

🧪 Auth: Login with wrong password (should fail)
   POST /api/auth/login
   ✅ PASS (401) - Failed as expected


🔒 SECTION 3: Authenticated Endpoints
────────────────────────────────────────────────────────────

🧪 Profile: Generate and save
   POST /api/profile/generate
